
Warning-[DEBUG_DEP] Option will be deprecated
  The option '-debug_all' will be deprecated in a future release.  Please use 
  '-debug_acc+all+dmptf -debug_region+cell+encrypt' instead.

Command: vcs -full64 -sverilog +vpi -ntb_opts uvm -debug_all +define+UVM_NO_DEPRECATED \
-timescale=1ns/1ps -f filelist.f -l compile.log
                         Chronologic VCS (TM)
      Version V-2023.12-SP2-1_Full64 -- Sat Jul 26 20:23:43 2025

                    Copyright (c) 1991 - 2024 Synopsys, Inc.
   This software and the associated documentation are proprietary to Synopsys,
 Inc. This software may only be used in accordance with the terms and conditions
 of a written license agreement with Synopsys, Inc. All other use, reproduction,
   or distribution of this software is strictly prohibited.  Licensed Products
     communicate with Synopsys servers for the purpose of providing software
    updates, detecting software piracy and verifying that customers are using
    Licensed Products in conformity with the applicable License Key for such
  Licensed Products. Synopsys will use information gathered in connection with
    this process to deliver software updates and pursue software pirates and
                                   infringers.

 Inclusivity & Diversity - Visit SolvNetPlus to read the "Synopsys Statement on
            Inclusivity and Diversity" (Refer to article 000036315 at
                        https://solvnetplus.synopsys.com)


Warning-[DEBUG_DEP] Option will be deprecated
  The option '-debug_all' will be deprecated in a future release.  Please use 
  '-debug_acc+all -debug_region+cell+encrypt' instead.

Parsing design file '/usr/caen/vcs-2023.12-SP2-1/etc/uvm/uvm_pkg.sv'
Parsing included file '/usr/caen/vcs-2023.12-SP2-1/etc/uvm/uvm_macros.svh'.
Parsing included file '/usr/caen/vcs-2023.12-SP2-1/etc/uvm/macros/uvm_version_defines.svh'.
Back to file '/usr/caen/vcs-2023.12-SP2-1/etc/uvm/uvm_macros.svh'.
Parsing included file '/usr/caen/vcs-2023.12-SP2-1/etc/uvm/macros/snps_macros.svp'.
Back to file '/usr/caen/vcs-2023.12-SP2-1/etc/uvm/uvm_macros.svh'.
Parsing included file '/usr/caen/vcs-2023.12-SP2-1/etc/uvm/macros/uvm_message_defines.svh'.
Back to file '/usr/caen/vcs-2023.12-SP2-1/etc/uvm/uvm_macros.svh'.
Parsing included file '/usr/caen/vcs-2023.12-SP2-1/etc/uvm/macros/uvm_phase_defines.svh'.
Back to file '/usr/caen/vcs-2023.12-SP2-1/etc/uvm/uvm_macros.svh'.
Parsing included file '/usr/caen/vcs-2023.12-SP2-1/etc/uvm/macros/uvm_object_defines.svh'.
Back to file '/usr/caen/vcs-2023.12-SP2-1/etc/uvm/uvm_macros.svh'.
Parsing included file '/usr/caen/vcs-2023.12-SP2-1/etc/uvm/macros/uvm_printer_defines.svh'.
Back to file '/usr/caen/vcs-2023.12-SP2-1/etc/uvm/uvm_macros.svh'.
Parsing included file '/usr/caen/vcs-2023.12-SP2-1/etc/uvm/macros/uvm_tlm_defines.svh'.
Parsing included file '/usr/caen/vcs-2023.12-SP2-1/etc/uvm/tlm1/uvm_tlm_imps.svh'.
Back to file '/usr/caen/vcs-2023.12-SP2-1/etc/uvm/macros/uvm_tlm_defines.svh'.
Back to file '/usr/caen/vcs-2023.12-SP2-1/etc/uvm/uvm_macros.svh'.
Parsing included file '/usr/caen/vcs-2023.12-SP2-1/etc/uvm/macros/uvm_sequence_defines.svh'.
Back to file '/usr/caen/vcs-2023.12-SP2-1/etc/uvm/uvm_macros.svh'.
Parsing included file '/usr/caen/vcs-2023.12-SP2-1/etc/uvm/macros/uvm_callback_defines.svh'.
Back to file '/usr/caen/vcs-2023.12-SP2-1/etc/uvm/uvm_macros.svh'.
Parsing included file '/usr/caen/vcs-2023.12-SP2-1/etc/uvm/macros/uvm_reg_defines.svh'.
Back to file '/usr/caen/vcs-2023.12-SP2-1/etc/uvm/uvm_macros.svh'.
Parsing included file '/usr/caen/vcs-2023.12-SP2-1/etc/uvm/macros/uvm_deprecated_defines.svh'.
Back to file '/usr/caen/vcs-2023.12-SP2-1/etc/uvm/uvm_macros.svh'.
Back to file '/usr/caen/vcs-2023.12-SP2-1/etc/uvm/uvm_pkg.sv'.
Parsing included file '/usr/caen/vcs-2023.12-SP2-1/etc/uvm/directc/uvm_directc.svh'.
Parsing included file '/usr/caen/vcs-2023.12-SP2-1/etc/uvm/directc/uvm_seed.vh'.
Back to file '/usr/caen/vcs-2023.12-SP2-1/etc/uvm/directc/uvm_directc.svh'.
Back to file '/usr/caen/vcs-2023.12-SP2-1/etc/uvm/uvm_pkg.sv'.
Parsing included file '/usr/caen/vcs-2023.12-SP2-1/etc/uvm/dpi/uvm_dpi.svh'.
Parsing included file '/usr/caen/vcs-2023.12-SP2-1/etc/uvm/dpi/uvm_hdl.svh'.
Back to file '/usr/caen/vcs-2023.12-SP2-1/etc/uvm/dpi/uvm_dpi.svh'.
Parsing included file '/usr/caen/vcs-2023.12-SP2-1/etc/uvm/dpi/uvm_svcmd_dpi.svh'.
Back to file '/usr/caen/vcs-2023.12-SP2-1/etc/uvm/dpi/uvm_dpi.svh'.
Parsing included file '/usr/caen/vcs-2023.12-SP2-1/etc/uvm/dpi/uvm_regex.svh'.
Back to file '/usr/caen/vcs-2023.12-SP2-1/etc/uvm/dpi/uvm_dpi.svh'.
Back to file '/usr/caen/vcs-2023.12-SP2-1/etc/uvm/uvm_pkg.sv'.
Parsing included file '/usr/caen/vcs-2023.12-SP2-1/etc/uvm/base/uvm_base.svh'.
Parsing included file '/usr/caen/vcs-2023.12-SP2-1/etc/uvm/base/uvm_version.svh'.
Back to file '/usr/caen/vcs-2023.12-SP2-1/etc/uvm/base/uvm_base.svh'.
Parsing included file '/usr/caen/vcs-2023.12-SP2-1/etc/uvm/base/uvm_object_globals.svh'.
Back to file '/usr/caen/vcs-2023.12-SP2-1/etc/uvm/base/uvm_base.svh'.
Parsing included file '/usr/caen/vcs-2023.12-SP2-1/etc/uvm/base/uvm_misc.svh'.
Back to file '/usr/caen/vcs-2023.12-SP2-1/etc/uvm/base/uvm_base.svh'.
Parsing included file '/usr/caen/vcs-2023.12-SP2-1/etc/uvm/base/uvm_object.svh'.
Back to file '/usr/caen/vcs-2023.12-SP2-1/etc/uvm/base/uvm_base.svh'.
Parsing included file '/usr/caen/vcs-2023.12-SP2-1/etc/uvm/base/uvm_pool.svh'.
Back to file '/usr/caen/vcs-2023.12-SP2-1/etc/uvm/base/uvm_base.svh'.
Parsing included file '/usr/caen/vcs-2023.12-SP2-1/etc/uvm/base/uvm_queue.svh'.
Back to file '/usr/caen/vcs-2023.12-SP2-1/etc/uvm/base/uvm_base.svh'.
Parsing included file '/usr/caen/vcs-2023.12-SP2-1/etc/uvm/base/uvm_factory.svh'.
Back to file '/usr/caen/vcs-2023.12-SP2-1/etc/uvm/base/uvm_base.svh'.
Parsing included file '/usr/caen/vcs-2023.12-SP2-1/etc/uvm/base/uvm_registry.svh'.
Back to file '/usr/caen/vcs-2023.12-SP2-1/etc/uvm/base/uvm_base.svh'.
Parsing included file '/usr/caen/vcs-2023.12-SP2-1/etc/uvm/base/uvm_spell_chkr.svh'.
Back to file '/usr/caen/vcs-2023.12-SP2-1/etc/uvm/base/uvm_base.svh'.
Parsing included file '/usr/caen/vcs-2023.12-SP2-1/etc/uvm/base/uvm_resource.svh'.
Back to file '/usr/caen/vcs-2023.12-SP2-1/etc/uvm/base/uvm_base.svh'.
Parsing included file '/usr/caen/vcs-2023.12-SP2-1/etc/uvm/deprecated/uvm_resource_converter.svh'.
Back to file '/usr/caen/vcs-2023.12-SP2-1/etc/uvm/base/uvm_base.svh'.
Parsing included file '/usr/caen/vcs-2023.12-SP2-1/etc/uvm/base/uvm_resource_specializations.svh'.
Back to file '/usr/caen/vcs-2023.12-SP2-1/etc/uvm/base/uvm_base.svh'.
Parsing included file '/usr/caen/vcs-2023.12-SP2-1/etc/uvm/base/uvm_resource_db.svh'.
Back to file '/usr/caen/vcs-2023.12-SP2-1/etc/uvm/base/uvm_base.svh'.
Parsing included file '/usr/caen/vcs-2023.12-SP2-1/etc/uvm/base/uvm_config_db.svh'.
Back to file '/usr/caen/vcs-2023.12-SP2-1/etc/uvm/base/uvm_base.svh'.
Parsing included file '/usr/caen/vcs-2023.12-SP2-1/etc/uvm/base/uvm_printer.svh'.
Back to file '/usr/caen/vcs-2023.12-SP2-1/etc/uvm/base/uvm_base.svh'.
Parsing included file '/usr/caen/vcs-2023.12-SP2-1/etc/uvm/base/uvm_comparer.svh'.
Back to file '/usr/caen/vcs-2023.12-SP2-1/etc/uvm/base/uvm_base.svh'.
Parsing included file '/usr/caen/vcs-2023.12-SP2-1/etc/uvm/base/uvm_packer.svh'.
Back to file '/usr/caen/vcs-2023.12-SP2-1/etc/uvm/base/uvm_base.svh'.
Parsing included file '/usr/caen/vcs-2023.12-SP2-1/etc/uvm/base/uvm_recorder.svh'.
Back to file '/usr/caen/vcs-2023.12-SP2-1/etc/uvm/base/uvm_base.svh'.
Parsing included file '/usr/caen/vcs-2023.12-SP2-1/etc/uvm/base/uvm_event_callback.svh'.
Back to file '/usr/caen/vcs-2023.12-SP2-1/etc/uvm/base/uvm_base.svh'.
Parsing included file '/usr/caen/vcs-2023.12-SP2-1/etc/uvm/base/uvm_event.svh'.
Back to file '/usr/caen/vcs-2023.12-SP2-1/etc/uvm/base/uvm_base.svh'.
Parsing included file '/usr/caen/vcs-2023.12-SP2-1/etc/uvm/base/uvm_barrier.svh'.
Back to file '/usr/caen/vcs-2023.12-SP2-1/etc/uvm/base/uvm_base.svh'.
Parsing included file '/usr/caen/vcs-2023.12-SP2-1/etc/uvm/base/uvm_callback.svh'.
Parsing included file '/usr/caen/vcs-2023.12-SP2-1/etc/uvm/uvm_macros.svh'.
Back to file '/usr/caen/vcs-2023.12-SP2-1/etc/uvm/base/uvm_callback.svh'.
Back to file '/usr/caen/vcs-2023.12-SP2-1/etc/uvm/base/uvm_base.svh'.
Parsing included file '/usr/caen/vcs-2023.12-SP2-1/etc/uvm/base/uvm_report_catcher.svh'.
Back to file '/usr/caen/vcs-2023.12-SP2-1/etc/uvm/base/uvm_base.svh'.
Parsing included file '/usr/caen/vcs-2023.12-SP2-1/etc/uvm/base/uvm_report_server.svh'.
Back to file '/usr/caen/vcs-2023.12-SP2-1/etc/uvm/base/uvm_base.svh'.
Parsing included file '/usr/caen/vcs-2023.12-SP2-1/etc/uvm/base/uvm_report_handler.svh'.
Back to file '/usr/caen/vcs-2023.12-SP2-1/etc/uvm/base/uvm_base.svh'.
Parsing included file '/usr/caen/vcs-2023.12-SP2-1/etc/uvm/base/uvm_report_object.svh'.
Back to file '/usr/caen/vcs-2023.12-SP2-1/etc/uvm/base/uvm_base.svh'.
Parsing included file '/usr/caen/vcs-2023.12-SP2-1/etc/uvm/base/uvm_transaction.svh'.
Back to file '/usr/caen/vcs-2023.12-SP2-1/etc/uvm/base/uvm_base.svh'.
Parsing included file '/usr/caen/vcs-2023.12-SP2-1/etc/uvm/base/uvm_phase.svh'.
Back to file '/usr/caen/vcs-2023.12-SP2-1/etc/uvm/base/uvm_base.svh'.
Parsing included file '/usr/caen/vcs-2023.12-SP2-1/etc/uvm/base/uvm_domain.svh'.
Back to file '/usr/caen/vcs-2023.12-SP2-1/etc/uvm/base/uvm_base.svh'.
Parsing included file '/usr/caen/vcs-2023.12-SP2-1/etc/uvm/base/uvm_bottomup_phase.svh'.
Back to file '/usr/caen/vcs-2023.12-SP2-1/etc/uvm/base/uvm_base.svh'.
Parsing included file '/usr/caen/vcs-2023.12-SP2-1/etc/uvm/base/uvm_topdown_phase.svh'.
Back to file '/usr/caen/vcs-2023.12-SP2-1/etc/uvm/base/uvm_base.svh'.
Parsing included file '/usr/caen/vcs-2023.12-SP2-1/etc/uvm/base/uvm_task_phase.svh'.
Back to file '/usr/caen/vcs-2023.12-SP2-1/etc/uvm/base/uvm_base.svh'.
Parsing included file '/usr/caen/vcs-2023.12-SP2-1/etc/uvm/base/uvm_common_phases.svh'.
Back to file '/usr/caen/vcs-2023.12-SP2-1/etc/uvm/base/uvm_base.svh'.
Parsing included file '/usr/caen/vcs-2023.12-SP2-1/etc/uvm/base/uvm_runtime_phases.svh'.
Back to file '/usr/caen/vcs-2023.12-SP2-1/etc/uvm/base/uvm_base.svh'.
Parsing included file '/usr/caen/vcs-2023.12-SP2-1/etc/uvm/base/uvm_component.svh'.
Parsing included file '/usr/caen/vcs-2023.12-SP2-1/etc/uvm/base/uvm_root.svh'.
Back to file '/usr/caen/vcs-2023.12-SP2-1/etc/uvm/base/uvm_component.svh'.
Back to file '/usr/caen/vcs-2023.12-SP2-1/etc/uvm/base/uvm_base.svh'.
Parsing included file '/usr/caen/vcs-2023.12-SP2-1/etc/uvm/base/uvm_objection.svh'.
Back to file '/usr/caen/vcs-2023.12-SP2-1/etc/uvm/base/uvm_base.svh'.
Parsing included file '/usr/caen/vcs-2023.12-SP2-1/etc/uvm/base/uvm_heartbeat.svh'.
Back to file '/usr/caen/vcs-2023.12-SP2-1/etc/uvm/base/uvm_base.svh'.
Parsing included file '/usr/caen/vcs-2023.12-SP2-1/etc/uvm/base/uvm_globals.svh'.
Back to file '/usr/caen/vcs-2023.12-SP2-1/etc/uvm/base/uvm_base.svh'.
Parsing included file '/usr/caen/vcs-2023.12-SP2-1/etc/uvm/base/uvm_cmdline_processor.svh'.
Back to file '/usr/caen/vcs-2023.12-SP2-1/etc/uvm/base/uvm_base.svh'.
Back to file '/usr/caen/vcs-2023.12-SP2-1/etc/uvm/uvm_pkg.sv'.
Parsing included file '/usr/caen/vcs-2023.12-SP2-1/etc/uvm/tlm1/uvm_tlm.svh'.
Parsing included file '/usr/caen/vcs-2023.12-SP2-1/etc/uvm/tlm1/uvm_tlm_ifs.svh'.
Back to file '/usr/caen/vcs-2023.12-SP2-1/etc/uvm/tlm1/uvm_tlm.svh'.
Parsing included file '/usr/caen/vcs-2023.12-SP2-1/etc/uvm/tlm1/uvm_sqr_ifs.svh'.
Back to file '/usr/caen/vcs-2023.12-SP2-1/etc/uvm/tlm1/uvm_tlm.svh'.
Parsing included file '/usr/caen/vcs-2023.12-SP2-1/etc/uvm/base/uvm_port_base.svh'.
Back to file '/usr/caen/vcs-2023.12-SP2-1/etc/uvm/tlm1/uvm_tlm.svh'.
Parsing included file '/usr/caen/vcs-2023.12-SP2-1/etc/uvm/tlm1/uvm_tlm_imps.svh'.
Back to file '/usr/caen/vcs-2023.12-SP2-1/etc/uvm/tlm1/uvm_tlm.svh'.
Parsing included file '/usr/caen/vcs-2023.12-SP2-1/etc/uvm/tlm1/uvm_imps.svh'.
Back to file '/usr/caen/vcs-2023.12-SP2-1/etc/uvm/tlm1/uvm_tlm.svh'.
Parsing included file '/usr/caen/vcs-2023.12-SP2-1/etc/uvm/tlm1/uvm_ports.svh'.
Back to file '/usr/caen/vcs-2023.12-SP2-1/etc/uvm/tlm1/uvm_tlm.svh'.
Parsing included file '/usr/caen/vcs-2023.12-SP2-1/etc/uvm/tlm1/uvm_exports.svh'.
Back to file '/usr/caen/vcs-2023.12-SP2-1/etc/uvm/tlm1/uvm_tlm.svh'.
Parsing included file '/usr/caen/vcs-2023.12-SP2-1/etc/uvm/tlm1/uvm_analysis_port.svh'.
Back to file '/usr/caen/vcs-2023.12-SP2-1/etc/uvm/tlm1/uvm_tlm.svh'.
Parsing included file '/usr/caen/vcs-2023.12-SP2-1/etc/uvm/tlm1/uvm_tlm_fifo_base.svh'.
Back to file '/usr/caen/vcs-2023.12-SP2-1/etc/uvm/tlm1/uvm_tlm.svh'.
Parsing included file '/usr/caen/vcs-2023.12-SP2-1/etc/uvm/tlm1/uvm_tlm_fifos.svh'.
Back to file '/usr/caen/vcs-2023.12-SP2-1/etc/uvm/tlm1/uvm_tlm.svh'.
Parsing included file '/usr/caen/vcs-2023.12-SP2-1/etc/uvm/tlm1/uvm_tlm_req_rsp.svh'.
Back to file '/usr/caen/vcs-2023.12-SP2-1/etc/uvm/tlm1/uvm_tlm.svh'.
Parsing included file '/usr/caen/vcs-2023.12-SP2-1/etc/uvm/tlm1/uvm_sqr_connections.svh'.
Back to file '/usr/caen/vcs-2023.12-SP2-1/etc/uvm/tlm1/uvm_tlm.svh'.
Back to file '/usr/caen/vcs-2023.12-SP2-1/etc/uvm/uvm_pkg.sv'.
Parsing included file '/usr/caen/vcs-2023.12-SP2-1/etc/uvm/comps/uvm_comps.svh'.
Parsing included file '/usr/caen/vcs-2023.12-SP2-1/etc/uvm/comps/uvm_pair.svh'.
Back to file '/usr/caen/vcs-2023.12-SP2-1/etc/uvm/comps/uvm_comps.svh'.
Parsing included file '/usr/caen/vcs-2023.12-SP2-1/etc/uvm/comps/uvm_policies.svh'.
Back to file '/usr/caen/vcs-2023.12-SP2-1/etc/uvm/comps/uvm_comps.svh'.
Parsing included file '/usr/caen/vcs-2023.12-SP2-1/etc/uvm/comps/uvm_in_order_comparator.svh'.
Back to file '/usr/caen/vcs-2023.12-SP2-1/etc/uvm/comps/uvm_comps.svh'.
Parsing included file '/usr/caen/vcs-2023.12-SP2-1/etc/uvm/comps/uvm_algorithmic_comparator.svh'.
Back to file '/usr/caen/vcs-2023.12-SP2-1/etc/uvm/comps/uvm_comps.svh'.
Parsing included file '/usr/caen/vcs-2023.12-SP2-1/etc/uvm/comps/uvm_random_stimulus.svh'.
Back to file '/usr/caen/vcs-2023.12-SP2-1/etc/uvm/comps/uvm_comps.svh'.
Parsing included file '/usr/caen/vcs-2023.12-SP2-1/etc/uvm/comps/uvm_subscriber.svh'.
Back to file '/usr/caen/vcs-2023.12-SP2-1/etc/uvm/comps/uvm_comps.svh'.
Parsing included file '/usr/caen/vcs-2023.12-SP2-1/etc/uvm/comps/uvm_monitor.svh'.
Back to file '/usr/caen/vcs-2023.12-SP2-1/etc/uvm/comps/uvm_comps.svh'.
Parsing included file '/usr/caen/vcs-2023.12-SP2-1/etc/uvm/comps/uvm_driver.svh'.
Back to file '/usr/caen/vcs-2023.12-SP2-1/etc/uvm/comps/uvm_comps.svh'.
Parsing included file '/usr/caen/vcs-2023.12-SP2-1/etc/uvm/comps/uvm_push_driver.svh'.
Back to file '/usr/caen/vcs-2023.12-SP2-1/etc/uvm/comps/uvm_comps.svh'.
Parsing included file '/usr/caen/vcs-2023.12-SP2-1/etc/uvm/comps/uvm_scoreboard.svh'.
Back to file '/usr/caen/vcs-2023.12-SP2-1/etc/uvm/comps/uvm_comps.svh'.
Parsing included file '/usr/caen/vcs-2023.12-SP2-1/etc/uvm/comps/uvm_agent.svh'.
Back to file '/usr/caen/vcs-2023.12-SP2-1/etc/uvm/comps/uvm_comps.svh'.
Parsing included file '/usr/caen/vcs-2023.12-SP2-1/etc/uvm/comps/uvm_env.svh'.
Back to file '/usr/caen/vcs-2023.12-SP2-1/etc/uvm/comps/uvm_comps.svh'.
Parsing included file '/usr/caen/vcs-2023.12-SP2-1/etc/uvm/comps/uvm_test.svh'.
Back to file '/usr/caen/vcs-2023.12-SP2-1/etc/uvm/comps/uvm_comps.svh'.
Back to file '/usr/caen/vcs-2023.12-SP2-1/etc/uvm/uvm_pkg.sv'.
Parsing included file '/usr/caen/vcs-2023.12-SP2-1/etc/uvm/seq/uvm_seq.svh'.
Parsing included file '/usr/caen/vcs-2023.12-SP2-1/etc/uvm/seq/uvm_sequence_item.svh'.
Back to file '/usr/caen/vcs-2023.12-SP2-1/etc/uvm/seq/uvm_seq.svh'.
Parsing included file '/usr/caen/vcs-2023.12-SP2-1/etc/uvm/seq/uvm_sequencer_base.svh'.
Back to file '/usr/caen/vcs-2023.12-SP2-1/etc/uvm/seq/uvm_seq.svh'.
Parsing included file '/usr/caen/vcs-2023.12-SP2-1/etc/uvm/seq/uvm_sequencer_analysis_fifo.svh'.
Back to file '/usr/caen/vcs-2023.12-SP2-1/etc/uvm/seq/uvm_seq.svh'.
Parsing included file '/usr/caen/vcs-2023.12-SP2-1/etc/uvm/seq/uvm_sequencer_param_base.svh'.
Back to file '/usr/caen/vcs-2023.12-SP2-1/etc/uvm/seq/uvm_seq.svh'.
Parsing included file '/usr/caen/vcs-2023.12-SP2-1/etc/uvm/seq/uvm_sequencer.svh'.
Back to file '/usr/caen/vcs-2023.12-SP2-1/etc/uvm/seq/uvm_seq.svh'.
Parsing included file '/usr/caen/vcs-2023.12-SP2-1/etc/uvm/seq/uvm_push_sequencer.svh'.
Back to file '/usr/caen/vcs-2023.12-SP2-1/etc/uvm/seq/uvm_seq.svh'.
Parsing included file '/usr/caen/vcs-2023.12-SP2-1/etc/uvm/seq/uvm_sequence_base.svh'.
Back to file '/usr/caen/vcs-2023.12-SP2-1/etc/uvm/seq/uvm_seq.svh'.
Parsing included file '/usr/caen/vcs-2023.12-SP2-1/etc/uvm/seq/uvm_sequence.svh'.
Back to file '/usr/caen/vcs-2023.12-SP2-1/etc/uvm/seq/uvm_seq.svh'.
Parsing included file '/usr/caen/vcs-2023.12-SP2-1/etc/uvm/seq/uvm_sequence_library.svh'.
Back to file '/usr/caen/vcs-2023.12-SP2-1/etc/uvm/seq/uvm_seq.svh'.
Parsing included file '/usr/caen/vcs-2023.12-SP2-1/etc/uvm/seq/uvm_sequence_builtin.svh'.
Back to file '/usr/caen/vcs-2023.12-SP2-1/etc/uvm/seq/uvm_seq.svh'.
Back to file '/usr/caen/vcs-2023.12-SP2-1/etc/uvm/uvm_pkg.sv'.
Parsing included file '/usr/caen/vcs-2023.12-SP2-1/etc/uvm/tlm2/uvm_tlm2.svh'.
Parsing included file '/usr/caen/vcs-2023.12-SP2-1/etc/uvm/tlm2/uvm_tlm2_defines.svh'.
Back to file '/usr/caen/vcs-2023.12-SP2-1/etc/uvm/tlm2/uvm_tlm2.svh'.
Parsing included file '/usr/caen/vcs-2023.12-SP2-1/etc/uvm/tlm2/uvm_tlm2_time.svh'.
Back to file '/usr/caen/vcs-2023.12-SP2-1/etc/uvm/tlm2/uvm_tlm2.svh'.
Parsing included file '/usr/caen/vcs-2023.12-SP2-1/etc/uvm/tlm2/uvm_tlm2_generic_payload.svh'.
Back to file '/usr/caen/vcs-2023.12-SP2-1/etc/uvm/tlm2/uvm_tlm2.svh'.
Parsing included file '/usr/caen/vcs-2023.12-SP2-1/etc/uvm/tlm2/uvm_tlm2_ifs.svh'.
Back to file '/usr/caen/vcs-2023.12-SP2-1/etc/uvm/tlm2/uvm_tlm2.svh'.
Parsing included file '/usr/caen/vcs-2023.12-SP2-1/etc/uvm/tlm2/uvm_tlm2_imps.svh'.
Back to file '/usr/caen/vcs-2023.12-SP2-1/etc/uvm/tlm2/uvm_tlm2.svh'.
Parsing included file '/usr/caen/vcs-2023.12-SP2-1/etc/uvm/tlm2/uvm_tlm2_ports.svh'.
Back to file '/usr/caen/vcs-2023.12-SP2-1/etc/uvm/tlm2/uvm_tlm2.svh'.
Parsing included file '/usr/caen/vcs-2023.12-SP2-1/etc/uvm/tlm2/uvm_tlm2_exports.svh'.
Back to file '/usr/caen/vcs-2023.12-SP2-1/etc/uvm/tlm2/uvm_tlm2.svh'.
Parsing included file '/usr/caen/vcs-2023.12-SP2-1/etc/uvm/tlm2/uvm_tlm2_sockets_base.svh'.
Back to file '/usr/caen/vcs-2023.12-SP2-1/etc/uvm/tlm2/uvm_tlm2.svh'.
Parsing included file '/usr/caen/vcs-2023.12-SP2-1/etc/uvm/tlm2/uvm_tlm2_sockets.svh'.
Back to file '/usr/caen/vcs-2023.12-SP2-1/etc/uvm/tlm2/uvm_tlm2.svh'.
Back to file '/usr/caen/vcs-2023.12-SP2-1/etc/uvm/uvm_pkg.sv'.
Parsing included file '/usr/caen/vcs-2023.12-SP2-1/etc/uvm/reg/uvm_reg_model.svh'.
Parsing included file '/usr/caen/vcs-2023.12-SP2-1/etc/uvm/reg/uvm_reg_item.svh'.
Back to file '/usr/caen/vcs-2023.12-SP2-1/etc/uvm/reg/uvm_reg_model.svh'.
Parsing included file '/usr/caen/vcs-2023.12-SP2-1/etc/uvm/reg/uvm_reg_adapter.svh'.
Back to file '/usr/caen/vcs-2023.12-SP2-1/etc/uvm/reg/uvm_reg_model.svh'.
Parsing included file '/usr/caen/vcs-2023.12-SP2-1/etc/uvm/reg/uvm_reg_predictor.svh'.
Back to file '/usr/caen/vcs-2023.12-SP2-1/etc/uvm/reg/uvm_reg_model.svh'.
Parsing included file '/usr/caen/vcs-2023.12-SP2-1/etc/uvm/reg/uvm_reg_sequence.svh'.
Back to file '/usr/caen/vcs-2023.12-SP2-1/etc/uvm/reg/uvm_reg_model.svh'.
Parsing included file '/usr/caen/vcs-2023.12-SP2-1/etc/uvm/reg/uvm_reg_cbs.svh'.
Back to file '/usr/caen/vcs-2023.12-SP2-1/etc/uvm/reg/uvm_reg_model.svh'.
Parsing included file '/usr/caen/vcs-2023.12-SP2-1/etc/uvm/reg/uvm_reg_backdoor.svh'.
Back to file '/usr/caen/vcs-2023.12-SP2-1/etc/uvm/reg/uvm_reg_model.svh'.
Parsing included file '/usr/caen/vcs-2023.12-SP2-1/etc/uvm/reg/uvm_reg_field.svh'.
Back to file '/usr/caen/vcs-2023.12-SP2-1/etc/uvm/reg/uvm_reg_model.svh'.
Parsing included file '/usr/caen/vcs-2023.12-SP2-1/etc/uvm/reg/uvm_vreg_field.svh'.
Back to file '/usr/caen/vcs-2023.12-SP2-1/etc/uvm/reg/uvm_reg_model.svh'.
Parsing included file '/usr/caen/vcs-2023.12-SP2-1/etc/uvm/reg/uvm_reg.svh'.
Back to file '/usr/caen/vcs-2023.12-SP2-1/etc/uvm/reg/uvm_reg_model.svh'.
Parsing included file '/usr/caen/vcs-2023.12-SP2-1/etc/uvm/reg/uvm_reg_indirect.svh'.
Back to file '/usr/caen/vcs-2023.12-SP2-1/etc/uvm/reg/uvm_reg_model.svh'.
Parsing included file '/usr/caen/vcs-2023.12-SP2-1/etc/uvm/reg/uvm_reg_fifo.svh'.
Back to file '/usr/caen/vcs-2023.12-SP2-1/etc/uvm/reg/uvm_reg_model.svh'.
Parsing included file '/usr/caen/vcs-2023.12-SP2-1/etc/uvm/reg/uvm_reg_file.svh'.
Back to file '/usr/caen/vcs-2023.12-SP2-1/etc/uvm/reg/uvm_reg_model.svh'.
Parsing included file '/usr/caen/vcs-2023.12-SP2-1/etc/uvm/reg/uvm_mem_mam.svh'.
Back to file '/usr/caen/vcs-2023.12-SP2-1/etc/uvm/reg/uvm_reg_model.svh'.
Parsing included file '/usr/caen/vcs-2023.12-SP2-1/etc/uvm/reg/uvm_vreg.svh'.
Back to file '/usr/caen/vcs-2023.12-SP2-1/etc/uvm/reg/uvm_reg_model.svh'.
Parsing included file '/usr/caen/vcs-2023.12-SP2-1/etc/uvm/reg/uvm_mem.svh'.
Back to file '/usr/caen/vcs-2023.12-SP2-1/etc/uvm/reg/uvm_reg_model.svh'.
Parsing included file '/usr/caen/vcs-2023.12-SP2-1/etc/uvm/reg/uvm_reg_map.svh'.
Back to file '/usr/caen/vcs-2023.12-SP2-1/etc/uvm/reg/uvm_reg_model.svh'.
Parsing included file '/usr/caen/vcs-2023.12-SP2-1/etc/uvm/reg/uvm_reg_block.svh'.
Back to file '/usr/caen/vcs-2023.12-SP2-1/etc/uvm/reg/uvm_reg_model.svh'.
Parsing included file '/usr/caen/vcs-2023.12-SP2-1/etc/uvm/reg/sequences/uvm_reg_hw_reset_seq.svh'.
Back to file '/usr/caen/vcs-2023.12-SP2-1/etc/uvm/reg/uvm_reg_model.svh'.
Parsing included file '/usr/caen/vcs-2023.12-SP2-1/etc/uvm/reg/sequences/uvm_reg_bit_bash_seq.svh'.
Back to file '/usr/caen/vcs-2023.12-SP2-1/etc/uvm/reg/uvm_reg_model.svh'.
Parsing included file '/usr/caen/vcs-2023.12-SP2-1/etc/uvm/reg/sequences/uvm_mem_walk_seq.svh'.
Back to file '/usr/caen/vcs-2023.12-SP2-1/etc/uvm/reg/uvm_reg_model.svh'.
Parsing included file '/usr/caen/vcs-2023.12-SP2-1/etc/uvm/reg/sequences/uvm_mem_access_seq.svh'.
Back to file '/usr/caen/vcs-2023.12-SP2-1/etc/uvm/reg/uvm_reg_model.svh'.
Parsing included file '/usr/caen/vcs-2023.12-SP2-1/etc/uvm/reg/sequences/uvm_reg_access_seq.svh'.
Back to file '/usr/caen/vcs-2023.12-SP2-1/etc/uvm/reg/uvm_reg_model.svh'.
Parsing included file '/usr/caen/vcs-2023.12-SP2-1/etc/uvm/reg/sequences/uvm_reg_mem_shared_access_seq.svh'.
Back to file '/usr/caen/vcs-2023.12-SP2-1/etc/uvm/reg/uvm_reg_model.svh'.
Parsing included file '/usr/caen/vcs-2023.12-SP2-1/etc/uvm/reg/sequences/uvm_reg_mem_built_in_seq.svh'.
Back to file '/usr/caen/vcs-2023.12-SP2-1/etc/uvm/reg/uvm_reg_model.svh'.
Parsing included file '/usr/caen/vcs-2023.12-SP2-1/etc/uvm/reg/sequences/uvm_reg_mem_hdl_paths_seq.svh'.
Back to file '/usr/caen/vcs-2023.12-SP2-1/etc/uvm/reg/uvm_reg_model.svh'.
Parsing included file '/usr/caen/vcs-2023.12-SP2-1/etc/uvm/reg/snps_uvm_reg_bank.svh'.
Back to file '/usr/caen/vcs-2023.12-SP2-1/etc/uvm/reg/uvm_reg_model.svh'.
Back to file '/usr/caen/vcs-2023.12-SP2-1/etc/uvm/uvm_pkg.sv'.
Parsing included file '/usr/caen/vcs-2023.12-SP2-1/etc/uvm/vcs/vcs_uvm_alt.sv'.
Back to file '/usr/caen/vcs-2023.12-SP2-1/etc/uvm/uvm_pkg.sv'.
Parsing design file '/usr/caen/vcs-2023.12-SP2-1/etc/uvm/vcs/uvm_custom_install_vcs_recorder.sv'
Parsing included file '/usr/caen/vcs-2023.12-SP2-1/etc/uvm/vcs/msglog.svh'.
Back to file '/usr/caen/vcs-2023.12-SP2-1/etc/uvm/vcs/uvm_custom_install_vcs_recorder.sv'.
Parsing included file '/usr/caen/vcs-2023.12-SP2-1/etc/uvm/vcs/uvm_msglog_report_server.sv'.
Back to file '/usr/caen/vcs-2023.12-SP2-1/etc/uvm/vcs/uvm_custom_install_vcs_recorder.sv'.
Parsing included file '/usr/caen/vcs-2023.12-SP2-1/etc/uvm/vcs/uvm_vcs_recorder.svh'.
Back to file '/usr/caen/vcs-2023.12-SP2-1/etc/uvm/vcs/uvm_custom_install_vcs_recorder.sv'.
Parsing included file '/usr/caen/vcs-2023.12-SP2-1/etc/uvm/vcs/uvm_vcs_record_interface.sv'.
Back to file '/usr/caen/vcs-2023.12-SP2-1/etc/uvm/vcs/uvm_custom_install_vcs_recorder.sv'.
Parsing design file './verilog/L2Cache.sv'
Parsing included file 'verilog/sys_defs.svh'.
Back to file './verilog/L2Cache.sv'.
Parsing design file './verilog/memDP.sv'
Parsing design file './verification/testbench.sv'
Parsing included file '/usr/caen/vcs-2023.12-SP2-1/etc/uvm/uvm_macros.svh'.
Back to file './verification/testbench.sv'.

Error-[SFCOR] Source file cannot be opened
  Source file "sequence_item.sv" cannot be opened for reading due to 'No such 
  file or directory'.
  Please fix above issue and compile again.
  "./verification/testbench.sv", 9
  Source info: `include "sequence_item.sv"

1 warning
1 error
CPU time: .661 seconds to compile
